// Vitest Snapshot v1, https://vitest.dev/guide/snapshot.html

exports[`Button component > should match snapshot 1`] = `
<div>
  <button
    class="bg-blue-500 hover:bg-blue-700 text-white font-bold py-2 px-4 rounded"
  >
    Click me
  </button>
</div>
`;
